../Core/Src/main.c:67:5:main	16	static
../Core/Src/main.c:87:6:SetLight	16	static
../Core/Src/main.c:91:6:SetSemaphoreLight	16	static
../Core/Src/main.c:105:6:TurnOffAllLights	16	static
../Core/Src/main.c:111:6:TurnOnAllLights	16	static
../Core/Src/main.c:121:6:SystemClock_Config	88	static
../Core/Src/main.c:168:13:MX_TIM1_Init	32	static
../Core/Src/main.c:214:13:MX_USART2_UART_Init	8	static
../Core/Src/main.c:247:13:MX_GPIO_Init	48	static
../Core/Src/main.c:310:6:Error_Handler	4	static,ignoring_inline_asm
