11:12:32 **** Incremental Build of configuration Debug for project crossroad_traffic_light_401RE ****
make -j16 all 
arm-none-eabi-gcc "../Core/Src/main.c" -mcpu=cortex-m4 -std=gnu11 -g3 -DDEBUG -DUSE_HAL_DRIVER -DSTM32F401xE -c -I../Core/Inc -I../Drivers/STM32F4xx_HAL_Driver/Inc -I../Drivers/STM32F4xx_HAL_Driver/Inc/Legacy -I../Drivers/CMSIS/Device/ST/STM32F4xx/Include -I../Drivers/CMSIS/Include -O0 -ffunction-sections -fdata-sections -Wall -fstack-usage -fcyclomatic-complexity -MMD -MP -MF"Core/Src/main.d" -MT"Core/Src/main.o" --specs=nano.specs -mfpu=fpv4-sp-d16 -mfloat-abi=hard -mthumb -o "Core/Src/main.o"
arm-none-eabi-gcc -o "crossroad_traffic_light_401RE.elf" @"objects.list"   -mcpu=cortex-m4 -T"C:\Users\radek\Documents\GitHub\STM32_my_learning_projects\crossroad_traffic_light_401RE\STM32F401RETX_FLASH.ld" --specs=nosys.specs -Wl,-Map="crossroad_traffic_light_401RE.map" -Wl,--gc-sections -static --specs=nano.specs -mfpu=fpv4-sp-d16 -mfloat-abi=hard -mthumb -Wl,--start-group -lc -lm -Wl,--end-group
Finished building target: crossroad_traffic_light_401RE.elf
 
arm-none-eabi-size  crossroad_traffic_light_401RE.elf 
arm-none-eabi-objdump -h -S crossroad_traffic_light_401RE.elf  > "crossroad_traffic_light_401RE.list"
   text	   data	    bss	    dec	    hex	filename
   9528	    108	   1716	  11352	   2c58	crossroad_traffic_light_401RE.elf
arm-none-eabi-objcopy  -O ihex crossroad_traffic_light_401RE.elf  "crossroad_traffic_light_401RE.hex"
Finished building: default.size.stdout
 
Finished building: crossroad_traffic_light_401RE.hex
 
Finished building: crossroad_traffic_light_401RE.list
 
